[INFO] Scanning for projects...
[WARNING] 
[WARNING] Some problems were encountered while building the effective model for de.yoktobit:daacco-jpa:jar:0.0.1-SNAPSHOT
[WARNING] 'dependencies.dependency.(groupId:artifactId:type:classifier)' must be unique: org.apache.commons:commons-lang3:jar -> version 3.11 vs 3.12.0 @ line 73, column 15
[WARNING] 
[WARNING] It is highly recommended to fix these problems because they threaten the stability of your build.
[WARNING] 
[WARNING] For this reason, future Maven versions might no longer support building such malformed projects.
[WARNING] 
[INFO] ------------------------------------------------------------------------
[INFO] Reactor Build Order:
[INFO] 
[INFO] daacco-jdbc                                                        [jar]
[INFO] daacco-jpa                                                         [jar]
[INFO] daacco-quarkus                                                     [jar]
[INFO] daacco-r2dbc                                                       [jar]
[INFO] daacco                                                             [pom]
[INFO] 
[INFO] ----------------------< de.yoktobit:daacco-jdbc >-----------------------
[INFO] Building daacco-jdbc 0.0.1-SNAPSHOT                                [1/5]
[INFO] --------------------------------[ jar ]---------------------------------
[INFO] 
[INFO] --- maven-resources-plugin:3.2.0:resources (default-resources) @ daacco-jdbc ---
[INFO] Using 'UTF-8' encoding to copy filtered resources.
[INFO] Using 'UTF-8' encoding to copy filtered properties files.
[INFO] Copying 1 resource
[INFO] Copying 0 resource
[INFO] 
[INFO] --- maven-compiler-plugin:3.8.1:compile (default-compile) @ daacco-jdbc ---
[INFO] Nothing to compile - all classes are up to date
[INFO] 
[INFO] --- maven-resources-plugin:3.2.0:testResources (default-testResources) @ daacco-jdbc ---
[INFO] Using 'UTF-8' encoding to copy filtered resources.
[INFO] Using 'UTF-8' encoding to copy filtered properties files.
[INFO] Copying 1 resource
[INFO] 
[INFO] --- maven-compiler-plugin:3.8.1:testCompile (default-testCompile) @ daacco-jdbc ---
[INFO] Nothing to compile - all classes are up to date
[INFO] 
[INFO] --- maven-surefire-plugin:2.22.2:test (default-test) @ daacco-jdbc ---
[INFO] 
[INFO] -------------------------------------------------------
[INFO]  T E S T S
[INFO] -------------------------------------------------------
[INFO] Running de.yoktobit.daacco.jdbc.DaaccoJdbcApplicationTests
22:01:41.064 [main] DEBUG org.springframework.test.context.BootstrapUtils - Instantiating CacheAwareContextLoaderDelegate from class [org.springframework.test.context.cache.DefaultCacheAwareContextLoaderDelegate]
22:01:41.086 [main] DEBUG org.springframework.test.context.BootstrapUtils - Instantiating BootstrapContext using constructor [public org.springframework.test.context.support.DefaultBootstrapContext(java.lang.Class,org.springframework.test.context.CacheAwareContextLoaderDelegate)]
22:01:41.168 [main] DEBUG org.springframework.test.context.BootstrapUtils - Instantiating TestContextBootstrapper for test class [de.yoktobit.daacco.jdbc.DaaccoJdbcApplicationTests] from class [org.springframework.boot.test.context.SpringBootTestContextBootstrapper]
22:01:41.217 [main] INFO org.springframework.boot.test.context.SpringBootTestContextBootstrapper - Neither @ContextConfiguration nor @ContextHierarchy found for test class [de.yoktobit.daacco.jdbc.DaaccoJdbcApplicationTests], using SpringBootContextLoader
22:01:41.230 [main] DEBUG org.springframework.test.context.support.AbstractContextLoader - Did not detect default resource location for test class [de.yoktobit.daacco.jdbc.DaaccoJdbcApplicationTests]: class path resource [de/yoktobit/daacco/jdbc/DaaccoJdbcApplicationTests-context.xml] does not exist
22:01:41.231 [main] DEBUG org.springframework.test.context.support.AbstractContextLoader - Did not detect default resource location for test class [de.yoktobit.daacco.jdbc.DaaccoJdbcApplicationTests]: class path resource [de/yoktobit/daacco/jdbc/DaaccoJdbcApplicationTestsContext.groovy] does not exist
22:01:41.232 [main] INFO org.springframework.test.context.support.AbstractContextLoader - Could not detect default resource locations for test class [de.yoktobit.daacco.jdbc.DaaccoJdbcApplicationTests]: no resource found for suffixes {-context.xml, Context.groovy}.
22:01:41.237 [main] INFO org.springframework.test.context.support.AnnotationConfigContextLoaderUtils - Could not detect default configuration classes for test class [de.yoktobit.daacco.jdbc.DaaccoJdbcApplicationTests]: DaaccoJdbcApplicationTests does not declare any static, non-private, non-final, nested classes annotated with @Configuration.
22:01:41.393 [main] DEBUG org.springframework.test.context.support.ActiveProfilesUtils - Could not find an 'annotation declaring class' for annotation type [org.springframework.test.context.ActiveProfiles] and class [de.yoktobit.daacco.jdbc.DaaccoJdbcApplicationTests]
22:01:41.495 [main] DEBUG org.springframework.context.annotation.ClassPathScanningCandidateComponentProvider - Identified candidate component class: file [C:\dev\daacco\daacco-jdbc\target\classes\de\yoktobit\daacco\jdbc\DaaccoJdbcApplication.class]
22:01:41.497 [main] INFO org.springframework.boot.test.context.SpringBootTestContextBootstrapper - Found @SpringBootConfiguration de.yoktobit.daacco.jdbc.DaaccoJdbcApplication for test class de.yoktobit.daacco.jdbc.DaaccoJdbcApplicationTests
22:01:41.678 [main] DEBUG org.springframework.boot.test.context.SpringBootTestContextBootstrapper - @TestExecutionListeners is not present for class [de.yoktobit.daacco.jdbc.DaaccoJdbcApplicationTests]: using defaults.
22:01:41.680 [main] INFO org.springframework.boot.test.context.SpringBootTestContextBootstrapper - Loaded default TestExecutionListener class names from location [META-INF/spring.factories]: [org.springframework.boot.test.mock.mockito.MockitoTestExecutionListener, org.springframework.boot.test.mock.mockito.ResetMocksTestExecutionListener, org.springframework.boot.test.autoconfigure.restdocs.RestDocsTestExecutionListener, org.springframework.boot.test.autoconfigure.web.client.MockRestServiceServerResetTestExecutionListener, org.springframework.boot.test.autoconfigure.web.servlet.MockMvcPrintOnlyOnFailureTestExecutionListener, org.springframework.boot.test.autoconfigure.web.servlet.WebDriverTestExecutionListener, org.springframework.boot.test.autoconfigure.webservices.client.MockWebServiceServerTestExecutionListener, org.springframework.test.context.web.ServletTestExecutionListener, org.springframework.test.context.support.DirtiesContextBeforeModesTestExecutionListener, org.springframework.test.context.event.ApplicationEventsTestExecutionListener, org.springframework.test.context.support.DependencyInjectionTestExecutionListener, org.springframework.test.context.support.DirtiesContextTestExecutionListener, org.springframework.test.context.transaction.TransactionalTestExecutionListener, org.springframework.test.context.jdbc.SqlScriptsTestExecutionListener, org.springframework.test.context.event.EventPublishingTestExecutionListener]
22:01:41.710 [main] DEBUG org.springframework.boot.test.context.SpringBootTestContextBootstrapper - Skipping candidate TestExecutionListener [org.springframework.test.context.web.ServletTestExecutionListener] due to a missing dependency. Specify custom listener classes or make the default listener classes and their required dependencies available. Offending class: [javax/servlet/ServletContext]
22:01:41.726 [main] INFO org.springframework.boot.test.context.SpringBootTestContextBootstrapper - Using TestExecutionListeners: [org.springframework.test.context.support.DirtiesContextBeforeModesTestExecutionListener@5a9f4771, org.springframework.test.context.event.ApplicationEventsTestExecutionListener@282cb7c7, org.springframework.boot.test.mock.mockito.MockitoTestExecutionListener@7d898981, org.springframework.boot.test.autoconfigure.SpringBootDependencyInjectionTestExecutionListener@48d61b48, org.springframework.test.context.support.DirtiesContextTestExecutionListener@68d279ec, org.springframework.test.context.transaction.TransactionalTestExecutionListener@258d79be, org.springframework.test.context.jdbc.SqlScriptsTestExecutionListener@14f9390f, org.springframework.test.context.event.EventPublishingTestExecutionListener@6c0d7c83, org.springframework.boot.test.mock.mockito.ResetMocksTestExecutionListener@176b75f7, org.springframework.boot.test.autoconfigure.restdocs.RestDocsTestExecutionListener@5965be2d, org.springframework.boot.test.autoconfigure.web.client.MockRestServiceServerResetTestExecutionListener@409c54f, org.springframework.boot.test.autoconfigure.web.servlet.MockMvcPrintOnlyOnFailureTestExecutionListener@3e74829, org.springframework.boot.test.autoconfigure.web.servlet.WebDriverTestExecutionListener@4f6f416f, org.springframework.boot.test.autoconfigure.webservices.client.MockWebServiceServerTestExecutionListener@3b8f0a79]
22:01:41.740 [main] DEBUG org.springframework.test.context.support.AbstractDirtiesContextTestExecutionListener - Before test class: context [DefaultTestContext@4e423aa2 testClass = DaaccoJdbcApplicationTests, testInstance = [null], testMethod = [null], testException = [null], mergedContextConfiguration = [MergedContextConfiguration@7fbdb894 testClass = DaaccoJdbcApplicationTests, locations = '{}', classes = '{class de.yoktobit.daacco.jdbc.DaaccoJdbcApplication}', contextInitializerClasses = '[]', activeProfiles = '{}', propertySourceLocations = '{}', propertySourceProperties = '{org.springframework.boot.test.context.SpringBootTestContextBootstrapper=true}', contextCustomizers = set[org.springframework.boot.test.context.filter.ExcludeFilterContextCustomizer@5136d012, org.springframework.boot.test.json.DuplicateJsonObjectContextCustomizerFactory$DuplicateJsonObjectContextCustomizer@52102734, org.springframework.boot.test.mock.mockito.MockitoContextCustomizer@0, org.springframework.boot.test.web.client.TestRestTemplateContextCustomizer@4d910fd6, org.springframework.boot.test.autoconfigure.actuate.metrics.MetricsExportContextCustomizerFactory$DisableMetricExportContextCustomizer@68c72235, org.springframework.boot.test.autoconfigure.properties.PropertyMappingContextCustomizer@0, org.springframework.boot.test.autoconfigure.web.servlet.WebDriverContextCustomizerFactory$Customizer@1ba9117e, org.springframework.boot.test.context.SpringBootTestArgs@1, org.springframework.boot.test.context.SpringBootTestWebEnvironment@6ebc05a6], contextLoader = 'org.springframework.boot.test.context.SpringBootContextLoader', parent = [null]], attributes = map[[empty]]], class annotated with @DirtiesContext [false] with mode [null].
22:01:41.775 [main] DEBUG org.springframework.test.context.support.DependencyInjectionTestExecutionListener - Performing dependency injection for test context [[DefaultTestContext@4e423aa2 testClass = DaaccoJdbcApplicationTests, testInstance = de.yoktobit.daacco.jdbc.DaaccoJdbcApplicationTests@1e8b7643, testMethod = [null], testException = [null], mergedContextConfiguration = [MergedContextConfiguration@7fbdb894 testClass = DaaccoJdbcApplicationTests, locations = '{}', classes = '{class de.yoktobit.daacco.jdbc.DaaccoJdbcApplication}', contextInitializerClasses = '[]', activeProfiles = '{}', propertySourceLocations = '{}', propertySourceProperties = '{org.springframework.boot.test.context.SpringBootTestContextBootstrapper=true}', contextCustomizers = set[org.springframework.boot.test.context.filter.ExcludeFilterContextCustomizer@5136d012, org.springframework.boot.test.json.DuplicateJsonObjectContextCustomizerFactory$DuplicateJsonObjectContextCustomizer@52102734, org.springframework.boot.test.mock.mockito.MockitoContextCustomizer@0, org.springframework.boot.test.web.client.TestRestTemplateContextCustomizer@4d910fd6, org.springframework.boot.test.autoconfigure.actuate.metrics.MetricsExportContextCustomizerFactory$DisableMetricExportContextCustomizer@68c72235, org.springframework.boot.test.autoconfigure.properties.PropertyMappingContextCustomizer@0, org.springframework.boot.test.autoconfigure.web.servlet.WebDriverContextCustomizerFactory$Customizer@1ba9117e, org.springframework.boot.test.context.SpringBootTestArgs@1, org.springframework.boot.test.context.SpringBootTestWebEnvironment@6ebc05a6], contextLoader = 'org.springframework.boot.test.context.SpringBootContextLoader', parent = [null]], attributes = map['org.springframework.test.context.event.ApplicationEventsTestExecutionListener.recordApplicationEvents' -> false]]].
22:01:41.845 [main] DEBUG org.springframework.test.context.support.TestPropertySourceUtils - Adding inlined properties to environment: {spring.jmx.enabled=false, org.springframework.boot.test.context.SpringBootTestContextBootstrapper=true}

  .   ____          _            __ _ _
 /\\ / ___'_ __ _ _(_)_ __  __ _ \ \ \ \
( ( )\___ | '_ | '_| | '_ \/ _` | \ \ \ \
 \\/  ___)| |_)| | | | | || (_| |  ) ) ) )
  '  |____| .__|_| |_|_| |_\__, | / / / /
 =========|_|==============|___/=/_/_/_/
 :: Spring Boot ::       (v2.5.0-SNAPSHOT)

2021-04-06 22:01:42.467  INFO 10908 --- [           main] d.y.d.jdbc.DaaccoJdbcApplicationTests    : Starting DaaccoJdbcApplicationTests using Java 11.0.7 on Surfy with PID 10908 (started by marti in C:\dev\daacco\daacco-jdbc)
2021-04-06 22:01:42.479  INFO 10908 --- [           main] d.y.d.jdbc.DaaccoJdbcApplicationTests    : No active profile set, falling back to default profiles: default
2021-04-06 22:01:43.176  INFO 10908 --- [           main] .s.d.r.c.RepositoryConfigurationDelegate : Bootstrapping Spring Data JDBC repositories in DEFAULT mode.
2021-04-06 22:01:43.351  INFO 10908 --- [           main] .s.d.r.c.RepositoryConfigurationDelegate : Finished Spring Data repository scanning in 160 ms. Found 3 JDBC repository interfaces.
2021-04-06 22:01:44.434  INFO 10908 --- [           main] com.zaxxer.hikari.HikariDataSource       : HikariPool-1 - Starting...
2021-04-06 22:01:44.687  INFO 10908 --- [           main] com.zaxxer.hikari.HikariDataSource       : HikariPool-1 - Start completed.
2021-04-06 22:01:46.122  INFO 10908 --- [           main] d.y.d.jdbc.DaaccoJdbcApplicationTests    : Started DaaccoJdbcApplicationTests in 4.271 seconds (JVM running for 6.509)
2021-04-06 22:01:48.112  INFO 10908 --- [           main] d.y.d.jdbc.DaaccoJdbcApplicationTests    : Repo-Variante Find Foo Dauer: 1381
2021-04-06 22:01:51.688  INFO 10908 --- [           main] d.y.d.jdbc.DaaccoJdbcApplicationTests    : Repo-Variante Find Bar Dauer 3575
2021-04-06 22:01:52.309  INFO 10908 --- [           main] d.y.d.jdbc.DaaccoJdbcApplicationTests    : QueryDsl/JDBC-Variante Find Foo Dauer: 582
2021-04-06 22:01:55.810  INFO 10908 --- [           main] d.y.d.jdbc.DaaccoJdbcApplicationTests    : QueryDsl/JDBC-Variante Find Bar Dauer 3500
2021-04-06 22:01:56.038  INFO 10908 --- [           main] d.y.d.jdbc.DaaccoJdbcApplicationTests    : JdbcTemplate-Variante Find Foo Dauer: 213
2021-04-06 22:01:58.100  INFO 10908 --- [           main] d.y.d.jdbc.DaaccoJdbcApplicationTests    : JdbcTemplate-Variante Find Bar Dauer 2061
[INFO] Tests run: 3, Failures: 0, Errors: 0, Skipped: 0, Time elapsed: 17.15 s - in de.yoktobit.daacco.jdbc.DaaccoJdbcApplicationTests
[INFO] 
[INFO] Results:
[INFO] 
[INFO] Tests run: 3, Failures: 0, Errors: 0, Skipped: 0
[INFO] 
[INFO] 
[INFO] -----------------------< de.yoktobit:daacco-jpa >-----------------------
[INFO] Building daacco-jpa 0.0.1-SNAPSHOT                                 [2/5]
[INFO] --------------------------------[ jar ]---------------------------------
[INFO] 
[INFO] --- maven-resources-plugin:3.2.0:resources (default-resources) @ daacco-jpa ---
[INFO] Using 'UTF-8' encoding to copy filtered resources.
[INFO] Using 'UTF-8' encoding to copy filtered properties files.
[INFO] Copying 1 resource
[INFO] Copying 0 resource
[INFO] 
[INFO] --- maven-compiler-plugin:3.8.1:compile (default-compile) @ daacco-jpa ---
[INFO] Nothing to compile - all classes are up to date
[INFO] 
[INFO] --- maven-resources-plugin:3.2.0:testResources (default-testResources) @ daacco-jpa ---
[INFO] Using 'UTF-8' encoding to copy filtered resources.
[INFO] Using 'UTF-8' encoding to copy filtered properties files.
[INFO] Copying 2 resources
[INFO] 
[INFO] --- maven-compiler-plugin:3.8.1:testCompile (default-testCompile) @ daacco-jpa ---
[INFO] Changes detected - recompiling the module!
[INFO] Compiling 1 source file to C:\dev\daacco\daacco-jpa\target\test-classes
[INFO] 
[INFO] --- maven-surefire-plugin:2.22.2:test (default-test) @ daacco-jpa ---
[INFO] 
[INFO] -------------------------------------------------------
[INFO]  T E S T S
[INFO] -------------------------------------------------------
[INFO] Running de.yoktobit.daacco.jpa.DaaccoJpaApplicationTests
22:02:03.428 [main] DEBUG org.springframework.test.context.BootstrapUtils - Instantiating CacheAwareContextLoaderDelegate from class [org.springframework.test.context.cache.DefaultCacheAwareContextLoaderDelegate]
22:02:03.446 [main] DEBUG org.springframework.test.context.BootstrapUtils - Instantiating BootstrapContext using constructor [public org.springframework.test.context.support.DefaultBootstrapContext(java.lang.Class,org.springframework.test.context.CacheAwareContextLoaderDelegate)]
22:02:03.503 [main] DEBUG org.springframework.test.context.BootstrapUtils - Instantiating TestContextBootstrapper for test class [de.yoktobit.daacco.jpa.DaaccoJpaApplicationTests] from class [org.springframework.boot.test.context.SpringBootTestContextBootstrapper]
22:02:03.526 [main] INFO org.springframework.boot.test.context.SpringBootTestContextBootstrapper - Neither @ContextConfiguration nor @ContextHierarchy found for test class [de.yoktobit.daacco.jpa.DaaccoJpaApplicationTests], using SpringBootContextLoader
22:02:03.540 [main] DEBUG org.springframework.test.context.support.AbstractContextLoader - Did not detect default resource location for test class [de.yoktobit.daacco.jpa.DaaccoJpaApplicationTests]: class path resource [de/yoktobit/daacco/jpa/DaaccoJpaApplicationTests-context.xml] does not exist
22:02:03.542 [main] DEBUG org.springframework.test.context.support.AbstractContextLoader - Did not detect default resource location for test class [de.yoktobit.daacco.jpa.DaaccoJpaApplicationTests]: class path resource [de/yoktobit/daacco/jpa/DaaccoJpaApplicationTestsContext.groovy] does not exist
22:02:03.542 [main] INFO org.springframework.test.context.support.AbstractContextLoader - Could not detect default resource locations for test class [de.yoktobit.daacco.jpa.DaaccoJpaApplicationTests]: no resource found for suffixes {-context.xml, Context.groovy}.
22:02:03.543 [main] INFO org.springframework.test.context.support.AnnotationConfigContextLoaderUtils - Could not detect default configuration classes for test class [de.yoktobit.daacco.jpa.DaaccoJpaApplicationTests]: DaaccoJpaApplicationTests does not declare any static, non-private, non-final, nested classes annotated with @Configuration.
22:02:03.648 [main] DEBUG org.springframework.test.context.support.ActiveProfilesUtils - Could not find an 'annotation declaring class' for annotation type [org.springframework.test.context.ActiveProfiles] and class [de.yoktobit.daacco.jpa.DaaccoJpaApplicationTests]
22:02:03.767 [main] DEBUG org.springframework.context.annotation.ClassPathScanningCandidateComponentProvider - Identified candidate component class: file [C:\dev\daacco\daacco-jpa\target\classes\de\yoktobit\daacco\jpa\DaaccoJpaApplication.class]
22:02:03.770 [main] INFO org.springframework.boot.test.context.SpringBootTestContextBootstrapper - Found @SpringBootConfiguration de.yoktobit.daacco.jpa.DaaccoJpaApplication for test class de.yoktobit.daacco.jpa.DaaccoJpaApplicationTests
22:02:03.936 [main] DEBUG org.springframework.boot.test.context.SpringBootTestContextBootstrapper - @TestExecutionListeners is not present for class [de.yoktobit.daacco.jpa.DaaccoJpaApplicationTests]: using defaults.
22:02:03.937 [main] INFO org.springframework.boot.test.context.SpringBootTestContextBootstrapper - Loaded default TestExecutionListener class names from location [META-INF/spring.factories]: [org.springframework.boot.test.mock.mockito.MockitoTestExecutionListener, org.springframework.boot.test.mock.mockito.ResetMocksTestExecutionListener, org.springframework.boot.test.autoconfigure.restdocs.RestDocsTestExecutionListener, org.springframework.boot.test.autoconfigure.web.client.MockRestServiceServerResetTestExecutionListener, org.springframework.boot.test.autoconfigure.web.servlet.MockMvcPrintOnlyOnFailureTestExecutionListener, org.springframework.boot.test.autoconfigure.web.servlet.WebDriverTestExecutionListener, org.springframework.boot.test.autoconfigure.webservices.client.MockWebServiceServerTestExecutionListener, org.springframework.test.context.web.ServletTestExecutionListener, org.springframework.test.context.support.DirtiesContextBeforeModesTestExecutionListener, org.springframework.test.context.event.ApplicationEventsTestExecutionListener, org.springframework.test.context.support.DependencyInjectionTestExecutionListener, org.springframework.test.context.support.DirtiesContextTestExecutionListener, org.springframework.test.context.transaction.TransactionalTestExecutionListener, org.springframework.test.context.jdbc.SqlScriptsTestExecutionListener, org.springframework.test.context.event.EventPublishingTestExecutionListener]
22:02:03.962 [main] DEBUG org.springframework.boot.test.context.SpringBootTestContextBootstrapper - Skipping candidate TestExecutionListener [org.springframework.test.context.web.ServletTestExecutionListener] due to a missing dependency. Specify custom listener classes or make the default listener classes and their required dependencies available. Offending class: [javax/servlet/ServletContext]
22:02:03.978 [main] INFO org.springframework.boot.test.context.SpringBootTestContextBootstrapper - Using TestExecutionListeners: [org.springframework.test.context.support.DirtiesContextBeforeModesTestExecutionListener@4416d64f, org.springframework.test.context.event.ApplicationEventsTestExecutionListener@6bf08014, org.springframework.boot.test.mock.mockito.MockitoTestExecutionListener@5e3d57c7, org.springframework.boot.test.autoconfigure.SpringBootDependencyInjectionTestExecutionListener@732d0d24, org.springframework.test.context.support.DirtiesContextTestExecutionListener@1fb19a0, org.springframework.test.context.transaction.TransactionalTestExecutionListener@6ee4d9ab, org.springframework.test.context.jdbc.SqlScriptsTestExecutionListener@5a5338df, org.springframework.test.context.event.EventPublishingTestExecutionListener@418c5a9c, org.springframework.boot.test.mock.mockito.ResetMocksTestExecutionListener@18e36d14, org.springframework.boot.test.autoconfigure.restdocs.RestDocsTestExecutionListener@5082d622, org.springframework.boot.test.autoconfigure.web.client.MockRestServiceServerResetTestExecutionListener@13d4992d, org.springframework.boot.test.autoconfigure.web.servlet.MockMvcPrintOnlyOnFailureTestExecutionListener@302f7971, org.springframework.boot.test.autoconfigure.web.servlet.WebDriverTestExecutionListener@332729ad, org.springframework.boot.test.autoconfigure.webservices.client.MockWebServiceServerTestExecutionListener@75d2da2d]
22:02:03.993 [main] DEBUG org.springframework.test.context.support.AbstractDirtiesContextTestExecutionListener - Before test class: context [DefaultTestContext@7d286fb6 testClass = DaaccoJpaApplicationTests, testInstance = [null], testMethod = [null], testException = [null], mergedContextConfiguration = [MergedContextConfiguration@3eb77ea8 testClass = DaaccoJpaApplicationTests, locations = '{}', classes = '{class de.yoktobit.daacco.jpa.DaaccoJpaApplication}', contextInitializerClasses = '[]', activeProfiles = '{}', propertySourceLocations = '{}', propertySourceProperties = '{org.springframework.boot.test.context.SpringBootTestContextBootstrapper=true}', contextCustomizers = set[org.springframework.boot.test.context.filter.ExcludeFilterContextCustomizer@61d6015a, org.springframework.boot.test.json.DuplicateJsonObjectContextCustomizerFactory$DuplicateJsonObjectContextCustomizer@152aa092, org.springframework.boot.test.mock.mockito.MockitoContextCustomizer@0, org.springframework.boot.test.web.client.TestRestTemplateContextCustomizer@4da4253, org.springframework.boot.test.autoconfigure.actuate.metrics.MetricsExportContextCustomizerFactory$DisableMetricExportContextCustomizer@140c9f39, org.springframework.boot.test.autoconfigure.properties.PropertyMappingContextCustomizer@0, org.springframework.boot.test.autoconfigure.web.servlet.WebDriverContextCustomizerFactory$Customizer@5fd4f8f5, org.springframework.boot.test.context.SpringBootTestArgs@1, org.springframework.boot.test.context.SpringBootTestWebEnvironment@43814d18], contextLoader = 'org.springframework.boot.test.context.SpringBootContextLoader', parent = [null]], attributes = map[[empty]]], class annotated with @DirtiesContext [false] with mode [null].
22:02:04.041 [main] DEBUG org.springframework.test.context.support.DependencyInjectionTestExecutionListener - Performing dependency injection for test context [[DefaultTestContext@7d286fb6 testClass = DaaccoJpaApplicationTests, testInstance = de.yoktobit.daacco.jpa.DaaccoJpaApplicationTests@36a5cabc, testMethod = [null], testException = [null], mergedContextConfiguration = [MergedContextConfiguration@3eb77ea8 testClass = DaaccoJpaApplicationTests, locations = '{}', classes = '{class de.yoktobit.daacco.jpa.DaaccoJpaApplication}', contextInitializerClasses = '[]', activeProfiles = '{}', propertySourceLocations = '{}', propertySourceProperties = '{org.springframework.boot.test.context.SpringBootTestContextBootstrapper=true}', contextCustomizers = set[org.springframework.boot.test.context.filter.ExcludeFilterContextCustomizer@61d6015a, org.springframework.boot.test.json.DuplicateJsonObjectContextCustomizerFactory$DuplicateJsonObjectContextCustomizer@152aa092, org.springframework.boot.test.mock.mockito.MockitoContextCustomizer@0, org.springframework.boot.test.web.client.TestRestTemplateContextCustomizer@4da4253, org.springframework.boot.test.autoconfigure.actuate.metrics.MetricsExportContextCustomizerFactory$DisableMetricExportContextCustomizer@140c9f39, org.springframework.boot.test.autoconfigure.properties.PropertyMappingContextCustomizer@0, org.springframework.boot.test.autoconfigure.web.servlet.WebDriverContextCustomizerFactory$Customizer@5fd4f8f5, org.springframework.boot.test.context.SpringBootTestArgs@1, org.springframework.boot.test.context.SpringBootTestWebEnvironment@43814d18], contextLoader = 'org.springframework.boot.test.context.SpringBootContextLoader', parent = [null]], attributes = map['org.springframework.test.context.event.ApplicationEventsTestExecutionListener.recordApplicationEvents' -> false]]].
22:02:04.143 [main] DEBUG org.springframework.test.context.support.TestPropertySourceUtils - Adding inlined properties to environment: {spring.jmx.enabled=false, org.springframework.boot.test.context.SpringBootTestContextBootstrapper=true}

  .   ____          _            __ _ _
 /\\ / ___'_ __ _ _(_)_ __  __ _ \ \ \ \
( ( )\___ | '_ | '_| | '_ \/ _` | \ \ \ \
 \\/  ___)| |_)| | | | | || (_| |  ) ) ) )
  '  |____| .__|_| |_|_| |_\__, | / / / /
 =========|_|==============|___/=/_/_/_/
 :: Spring Boot ::       (v2.5.0-SNAPSHOT)

2021-04-06 22:02:04.767  INFO 15868 --- [           main] d.y.d.jpa.DaaccoJpaApplicationTests      : Starting DaaccoJpaApplicationTests using Java 11.0.7 on Surfy with PID 15868 (started by marti in C:\dev\daacco\daacco-jpa)
2021-04-06 22:02:04.775  INFO 15868 --- [           main] d.y.d.jpa.DaaccoJpaApplicationTests      : No active profile set, falling back to default profiles: default
2021-04-06 22:02:07.851  INFO 15868 --- [           main] com.zaxxer.hikari.HikariDataSource       : HikariPool-1 - Starting...
2021-04-06 22:02:08.001  INFO 15868 --- [           main] com.zaxxer.hikari.HikariDataSource       : HikariPool-1 - Start completed.
2021-04-06 22:02:08.129  INFO 15868 --- [           main] o.hibernate.jpa.internal.util.LogHelper  : HHH000204: Processing PersistenceUnitInfo [name: default]
2021-04-06 22:02:08.314  INFO 15868 --- [           main] org.hibernate.Version                    : HHH000412: Hibernate ORM core version 5.4.29.Final
2021-04-06 22:02:08.535  INFO 15868 --- [           main] o.hibernate.annotations.common.Version   : HCANN000001: Hibernate Commons Annotations {5.1.2.Final}
2021-04-06 22:02:09.182  INFO 15868 --- [           main] org.hibernate.dialect.Dialect            : HHH000400: Using dialect: org.hibernate.dialect.PostgreSQL10Dialect
2021-04-06 22:02:10.426  INFO 15868 --- [           main] o.h.e.t.j.p.i.JtaPlatformInitiator       : HHH000490: Using JtaPlatform implementation: [org.hibernate.engine.transaction.jta.platform.internal.NoJtaPlatform]
2021-04-06 22:02:10.897  INFO 15868 --- [           main] i.StatisticalLoggingSessionEventListener : Session Metrics {
    0 nanoseconds spent acquiring 0 JDBC connections;
    0 nanoseconds spent releasing 0 JDBC connections;
    0 nanoseconds spent preparing 0 JDBC statements;
    0 nanoseconds spent executing 0 JDBC statements;
    0 nanoseconds spent executing 0 JDBC batches;
    0 nanoseconds spent performing 0 L2C puts;
    0 nanoseconds spent performing 0 L2C hits;
    0 nanoseconds spent performing 0 L2C misses;
    0 nanoseconds spent executing 0 flushes (flushing a total of 0 entities and 0 collections);
    0 nanoseconds spent executing 0 partial-flushes (flushing a total of 0 entities and 0 collections)
}
2021-04-06 22:02:10.902  INFO 15868 --- [           main] i.StatisticalLoggingSessionEventListener : Session Metrics {
    0 nanoseconds spent acquiring 0 JDBC connections;
    0 nanoseconds spent releasing 0 JDBC connections;
    0 nanoseconds spent preparing 0 JDBC statements;
    0 nanoseconds spent executing 0 JDBC statements;
    0 nanoseconds spent executing 0 JDBC batches;
    0 nanoseconds spent performing 0 L2C puts;
    0 nanoseconds spent performing 0 L2C hits;
    0 nanoseconds spent performing 0 L2C misses;
    0 nanoseconds spent executing 0 flushes (flushing a total of 0 entities and 0 collections);
    0 nanoseconds spent executing 0 partial-flushes (flushing a total of 0 entities and 0 collections)
}
2021-04-06 22:02:10.998  INFO 15868 --- [           main] i.StatisticalLoggingSessionEventListener : Session Metrics {
    0 nanoseconds spent acquiring 0 JDBC connections;
    0 nanoseconds spent releasing 0 JDBC connections;
    0 nanoseconds spent preparing 0 JDBC statements;
    0 nanoseconds spent executing 0 JDBC statements;
    0 nanoseconds spent executing 0 JDBC batches;
    0 nanoseconds spent performing 0 L2C puts;
    0 nanoseconds spent performing 0 L2C hits;
    0 nanoseconds spent performing 0 L2C misses;
    0 nanoseconds spent executing 0 flushes (flushing a total of 0 entities and 0 collections);
    0 nanoseconds spent executing 0 partial-flushes (flushing a total of 0 entities and 0 collections)
}
2021-04-06 22:02:11.104  INFO 15868 --- [           main] i.StatisticalLoggingSessionEventListener : Session Metrics {
    0 nanoseconds spent acquiring 0 JDBC connections;
    0 nanoseconds spent releasing 0 JDBC connections;
    0 nanoseconds spent preparing 0 JDBC statements;
    0 nanoseconds spent executing 0 JDBC statements;
    0 nanoseconds spent executing 0 JDBC batches;
    0 nanoseconds spent performing 0 L2C puts;
    0 nanoseconds spent performing 0 L2C hits;
    0 nanoseconds spent performing 0 L2C misses;
    0 nanoseconds spent executing 0 flushes (flushing a total of 0 entities and 0 collections);
    0 nanoseconds spent executing 0 partial-flushes (flushing a total of 0 entities and 0 collections)
}
2021-04-06 22:02:11.116  INFO 15868 --- [           main] i.StatisticalLoggingSessionEventListener : Session Metrics {
    0 nanoseconds spent acquiring 0 JDBC connections;
    0 nanoseconds spent releasing 0 JDBC connections;
    0 nanoseconds spent preparing 0 JDBC statements;
    0 nanoseconds spent executing 0 JDBC statements;
    0 nanoseconds spent executing 0 JDBC batches;
    0 nanoseconds spent performing 0 L2C puts;
    0 nanoseconds spent performing 0 L2C hits;
    0 nanoseconds spent performing 0 L2C misses;
    0 nanoseconds spent executing 0 flushes (flushing a total of 0 entities and 0 collections);
    0 nanoseconds spent executing 0 partial-flushes (flushing a total of 0 entities and 0 collections)
}
2021-04-06 22:02:11.211  INFO 15868 --- [           main] i.StatisticalLoggingSessionEventListener : Session Metrics {
    0 nanoseconds spent acquiring 0 JDBC connections;
    0 nanoseconds spent releasing 0 JDBC connections;
    0 nanoseconds spent preparing 0 JDBC statements;
    0 nanoseconds spent executing 0 JDBC statements;
    0 nanoseconds spent executing 0 JDBC batches;
    0 nanoseconds spent performing 0 L2C puts;
    0 nanoseconds spent performing 0 L2C hits;
    0 nanoseconds spent performing 0 L2C misses;
    0 nanoseconds spent executing 0 flushes (flushing a total of 0 entities and 0 collections);
    0 nanoseconds spent executing 0 partial-flushes (flushing a total of 0 entities and 0 collections)
}
2021-04-06 22:02:11.218  INFO 15868 --- [           main] i.StatisticalLoggingSessionEventListener : Session Metrics {
    0 nanoseconds spent acquiring 0 JDBC connections;
    0 nanoseconds spent releasing 0 JDBC connections;
    0 nanoseconds spent preparing 0 JDBC statements;
    0 nanoseconds spent executing 0 JDBC statements;
    0 nanoseconds spent executing 0 JDBC batches;
    0 nanoseconds spent performing 0 L2C puts;
    0 nanoseconds spent performing 0 L2C hits;
    0 nanoseconds spent performing 0 L2C misses;
    0 nanoseconds spent executing 0 flushes (flushing a total of 0 entities and 0 collections);
    0 nanoseconds spent executing 0 partial-flushes (flushing a total of 0 entities and 0 collections)
}
2021-04-06 22:02:11.484  INFO 15868 --- [           main] d.y.d.jpa.DaaccoJpaApplicationTests      : Started DaaccoJpaApplicationTests in 7.336 seconds (JVM running for 9.191)
2021-04-06 22:02:13.121  INFO 15868 --- [           main] d.y.d.jpa.DaaccoJpaApplicationTests      : JPA-Variante Find Foo Dauer: 1405
2021-04-06 22:03:16.954  INFO 15868 --- [           main] d.y.d.jpa.DaaccoJpaApplicationTests      : JPA-Variante Find Bar Dauer 63831
2021-04-06 22:03:17.024  INFO 15868 --- [           main] i.StatisticalLoggingSessionEventListener : Session Metrics {
    2950600 nanoseconds spent acquiring 1 JDBC connections;
    0 nanoseconds spent releasing 0 JDBC connections;
    32982100 nanoseconds spent preparing 1001 JDBC statements;
    2564542700 nanoseconds spent executing 1001 JDBC statements;
    0 nanoseconds spent executing 0 JDBC batches;
    0 nanoseconds spent performing 0 L2C puts;
    0 nanoseconds spent performing 0 L2C hits;
    0 nanoseconds spent performing 0 L2C misses;
    0 nanoseconds spent executing 0 flushes (flushing a total of 0 entities and 0 collections);
    60608726500 nanoseconds spent executing 1001 partial-flushes (flushing a total of 100000999 entities and 100000999 collections)
}
[INFO] Tests run: 1, Failures: 0, Errors: 0, Skipped: 0, Time elapsed: 73.711 s - in de.yoktobit.daacco.jpa.DaaccoJpaApplicationTests
[INFO] 
[INFO] Results:
[INFO] 
[INFO] Tests run: 1, Failures: 0, Errors: 0, Skipped: 0
[INFO] 
[INFO] 
[INFO] ---------------------< de.yoktobit:daacco-quarkus >---------------------
[INFO] Building daacco-quarkus 1.0.0-SNAPSHOT                             [3/5]
[INFO] --------------------------------[ jar ]---------------------------------
[INFO] 
[INFO] --- quarkus-maven-plugin:1.13.0.Final:generate-code (default) @ daacco-quarkus ---
[INFO] 
[INFO] --- maven-resources-plugin:2.6:resources (default-resources) @ daacco-quarkus ---
[INFO] Using 'UTF-8' encoding to copy filtered resources.
[INFO] Copying 2 resources
[INFO] 
[INFO] --- maven-compiler-plugin:3.8.1:compile (default-compile) @ daacco-quarkus ---
[INFO] Nothing to compile - all classes are up to date
[INFO] 
[INFO] --- quarkus-maven-plugin:1.13.0.Final:generate-code-tests (default) @ daacco-quarkus ---
[INFO] 
[INFO] --- maven-resources-plugin:2.6:testResources (default-testResources) @ daacco-quarkus ---
[INFO] Using 'UTF-8' encoding to copy filtered resources.
[INFO] skip non existing resourceDirectory C:\dev\daacco\daacco-quarkus\src\test\resources
[INFO] 
[INFO] --- maven-compiler-plugin:3.8.1:testCompile (default-testCompile) @ daacco-quarkus ---
[INFO] Nothing to compile - all classes are up to date
[INFO] 
[INFO] --- maven-surefire-plugin:3.0.0-M5:test (default-test) @ daacco-quarkus ---
[INFO] 
[INFO] -------------------------------------------------------
[INFO]  T E S T S
[INFO] -------------------------------------------------------
[INFO] Running de.yoktobit.daacco.quarkus.DaaccoQuarkusApplicationTest
2021-04-06 22:03:29,007 INFO  [io.quarkus] (main) Quarkus 1.13.0.Final on JVM started in 4.748s. Listening on: http://localhost:8081
2021-04-06 22:03:29,010 INFO  [io.quarkus] (main) Profile test activated. 
2021-04-06 22:03:29,010 INFO  [io.quarkus] (main) Installed features: [cdi, jdbc-postgresql, mutiny, reactive-pg-client, resteasy, smallrye-context-propagation, vertx]
2021-04-06 22:03:30,545 INFO  [de.yok.daa.qua.DaaccoQuarkusApplicationTest] (main) Quarkus-Variante Find Foo Dauer: 687
2021-04-06 22:03:35,059 INFO  [de.yok.daa.qua.DaaccoQuarkusApplicationTest] (main) Quarkus-Variante Find Bar Dauer 4513
[INFO] Tests run: 1, Failures: 0, Errors: 0, Skipped: 0, Time elapsed: 12.03 s - in de.yoktobit.daacco.quarkus.DaaccoQuarkusApplicationTest
2021-04-06 22:03:35,149 INFO  [io.quarkus] (main) Quarkus stopped in 0.059s
[INFO] 
[INFO] Results:
[INFO] 
[INFO] Tests run: 1, Failures: 0, Errors: 0, Skipped: 0
[INFO] 
[INFO] 
[INFO] ----------------------< de.yoktobit:daacco-r2dbc >----------------------
[INFO] Building daacco-r2dbc 0.0.1-SNAPSHOT                               [4/5]
[INFO] --------------------------------[ jar ]---------------------------------
[INFO] 
[INFO] --- maven-resources-plugin:3.2.0:resources (default-resources) @ daacco-r2dbc ---
[INFO] Using 'UTF-8' encoding to copy filtered resources.
[INFO] Using 'UTF-8' encoding to copy filtered properties files.
[INFO] Copying 1 resource
[INFO] Copying 0 resource
[INFO] 
[INFO] --- maven-compiler-plugin:3.8.1:compile (default-compile) @ daacco-r2dbc ---
[INFO] Nothing to compile - all classes are up to date
[INFO] 
[INFO] --- maven-resources-plugin:3.2.0:testResources (default-testResources) @ daacco-r2dbc ---
[INFO] Using 'UTF-8' encoding to copy filtered resources.
[INFO] Using 'UTF-8' encoding to copy filtered properties files.
[INFO] skip non existing resourceDirectory C:\dev\daacco\daacco-r2dbc\src\test\resources
[INFO] 
[INFO] --- maven-compiler-plugin:3.8.1:testCompile (default-testCompile) @ daacco-r2dbc ---
[INFO] Nothing to compile - all classes are up to date
[INFO] 
[INFO] --- maven-surefire-plugin:2.22.2:test (default-test) @ daacco-r2dbc ---
[INFO] 
[INFO] -------------------------------------------------------
[INFO]  T E S T S
[INFO] -------------------------------------------------------
[INFO] Running de.yoktobit.daacco.r2dbc.DaaccoR2dbcApplicationTests
22:03:36.865 [main] DEBUG org.springframework.test.context.BootstrapUtils - Instantiating CacheAwareContextLoaderDelegate from class [org.springframework.test.context.cache.DefaultCacheAwareContextLoaderDelegate]
22:03:36.893 [main] DEBUG org.springframework.test.context.BootstrapUtils - Instantiating BootstrapContext using constructor [public org.springframework.test.context.support.DefaultBootstrapContext(java.lang.Class,org.springframework.test.context.CacheAwareContextLoaderDelegate)]
22:03:37.018 [main] DEBUG org.springframework.test.context.BootstrapUtils - Instantiating TestContextBootstrapper for test class [de.yoktobit.daacco.r2dbc.DaaccoR2dbcApplicationTests] from class [org.springframework.boot.test.context.SpringBootTestContextBootstrapper]
22:03:37.062 [main] INFO org.springframework.boot.test.context.SpringBootTestContextBootstrapper - Neither @ContextConfiguration nor @ContextHierarchy found for test class [de.yoktobit.daacco.r2dbc.DaaccoR2dbcApplicationTests], using SpringBootContextLoader
22:03:37.075 [main] DEBUG org.springframework.test.context.support.AbstractContextLoader - Did not detect default resource location for test class [de.yoktobit.daacco.r2dbc.DaaccoR2dbcApplicationTests]: class path resource [de/yoktobit/daacco/r2dbc/DaaccoR2dbcApplicationTests-context.xml] does not exist
22:03:37.078 [main] DEBUG org.springframework.test.context.support.AbstractContextLoader - Did not detect default resource location for test class [de.yoktobit.daacco.r2dbc.DaaccoR2dbcApplicationTests]: class path resource [de/yoktobit/daacco/r2dbc/DaaccoR2dbcApplicationTestsContext.groovy] does not exist
22:03:37.079 [main] INFO org.springframework.test.context.support.AbstractContextLoader - Could not detect default resource locations for test class [de.yoktobit.daacco.r2dbc.DaaccoR2dbcApplicationTests]: no resource found for suffixes {-context.xml, Context.groovy}.
22:03:37.080 [main] INFO org.springframework.test.context.support.AnnotationConfigContextLoaderUtils - Could not detect default configuration classes for test class [de.yoktobit.daacco.r2dbc.DaaccoR2dbcApplicationTests]: DaaccoR2dbcApplicationTests does not declare any static, non-private, non-final, nested classes annotated with @Configuration.
22:03:37.200 [main] DEBUG org.springframework.test.context.support.ActiveProfilesUtils - Could not find an 'annotation declaring class' for annotation type [org.springframework.test.context.ActiveProfiles] and class [de.yoktobit.daacco.r2dbc.DaaccoR2dbcApplicationTests]
22:03:37.403 [main] DEBUG org.springframework.context.annotation.ClassPathScanningCandidateComponentProvider - Identified candidate component class: file [C:\dev\daacco\daacco-r2dbc\target\classes\de\yoktobit\daacco\r2dbc\DaaccoR2dbcApplication.class]
22:03:37.412 [main] INFO org.springframework.boot.test.context.SpringBootTestContextBootstrapper - Found @SpringBootConfiguration de.yoktobit.daacco.r2dbc.DaaccoR2dbcApplication for test class de.yoktobit.daacco.r2dbc.DaaccoR2dbcApplicationTests
22:03:37.848 [main] DEBUG org.springframework.boot.test.context.SpringBootTestContextBootstrapper - @TestExecutionListeners is not present for class [de.yoktobit.daacco.r2dbc.DaaccoR2dbcApplicationTests]: using defaults.
22:03:37.852 [main] INFO org.springframework.boot.test.context.SpringBootTestContextBootstrapper - Loaded default TestExecutionListener class names from location [META-INF/spring.factories]: [org.springframework.boot.test.mock.mockito.MockitoTestExecutionListener, org.springframework.boot.test.mock.mockito.ResetMocksTestExecutionListener, org.springframework.boot.test.autoconfigure.restdocs.RestDocsTestExecutionListener, org.springframework.boot.test.autoconfigure.web.client.MockRestServiceServerResetTestExecutionListener, org.springframework.boot.test.autoconfigure.web.servlet.MockMvcPrintOnlyOnFailureTestExecutionListener, org.springframework.boot.test.autoconfigure.web.servlet.WebDriverTestExecutionListener, org.springframework.boot.test.autoconfigure.webservices.client.MockWebServiceServerTestExecutionListener, org.springframework.test.context.web.ServletTestExecutionListener, org.springframework.test.context.support.DirtiesContextBeforeModesTestExecutionListener, org.springframework.test.context.event.ApplicationEventsTestExecutionListener, org.springframework.test.context.support.DependencyInjectionTestExecutionListener, org.springframework.test.context.support.DirtiesContextTestExecutionListener, org.springframework.test.context.transaction.TransactionalTestExecutionListener, org.springframework.test.context.jdbc.SqlScriptsTestExecutionListener, org.springframework.test.context.event.EventPublishingTestExecutionListener]
22:03:37.932 [main] DEBUG org.springframework.boot.test.context.SpringBootTestContextBootstrapper - Skipping candidate TestExecutionListener [org.springframework.test.context.web.ServletTestExecutionListener] due to a missing dependency. Specify custom listener classes or make the default listener classes and their required dependencies available. Offending class: [javax/servlet/ServletContext]
22:03:37.976 [main] INFO org.springframework.boot.test.context.SpringBootTestContextBootstrapper - Using TestExecutionListeners: [org.springframework.test.context.support.DirtiesContextBeforeModesTestExecutionListener@662706a7, org.springframework.test.context.event.ApplicationEventsTestExecutionListener@45a4b042, org.springframework.boot.test.mock.mockito.MockitoTestExecutionListener@16b2bb0c, org.springframework.boot.test.autoconfigure.SpringBootDependencyInjectionTestExecutionListener@327af41b, org.springframework.test.context.support.DirtiesContextTestExecutionListener@6cb6decd, org.springframework.test.context.transaction.TransactionalTestExecutionListener@c7045b9, org.springframework.test.context.jdbc.SqlScriptsTestExecutionListener@f99f5e0, org.springframework.test.context.event.EventPublishingTestExecutionListener@6aa61224, org.springframework.boot.test.mock.mockito.ResetMocksTestExecutionListener@30bce90b, org.springframework.boot.test.autoconfigure.restdocs.RestDocsTestExecutionListener@3e6f3f28, org.springframework.boot.test.autoconfigure.web.client.MockRestServiceServerResetTestExecutionListener@7e19ebf0, org.springframework.boot.test.autoconfigure.web.servlet.MockMvcPrintOnlyOnFailureTestExecutionListener@2474f125, org.springframework.boot.test.autoconfigure.web.servlet.WebDriverTestExecutionListener@7357a011, org.springframework.boot.test.autoconfigure.webservices.client.MockWebServiceServerTestExecutionListener@3406472c]
22:03:37.996 [main] DEBUG org.springframework.test.context.support.AbstractDirtiesContextTestExecutionListener - Before test class: context [DefaultTestContext@6bf08014 testClass = DaaccoR2dbcApplicationTests, testInstance = [null], testMethod = [null], testException = [null], mergedContextConfiguration = [MergedContextConfiguration@5e3d57c7 testClass = DaaccoR2dbcApplicationTests, locations = '{}', classes = '{class de.yoktobit.daacco.r2dbc.DaaccoR2dbcApplication}', contextInitializerClasses = '[]', activeProfiles = '{}', propertySourceLocations = '{}', propertySourceProperties = '{org.springframework.boot.test.context.SpringBootTestContextBootstrapper=true}', contextCustomizers = set[org.springframework.boot.test.context.filter.ExcludeFilterContextCustomizer@45ca843, org.springframework.boot.test.json.DuplicateJsonObjectContextCustomizerFactory$DuplicateJsonObjectContextCustomizer@36b4fe2a, org.springframework.boot.test.mock.mockito.MockitoContextCustomizer@0, org.springframework.boot.test.web.client.TestRestTemplateContextCustomizer@4f67eb2a, org.springframework.boot.test.autoconfigure.actuate.metrics.MetricsExportContextCustomizerFactory$DisableMetricExportContextCustomizer@7e9131d5, org.springframework.boot.test.autoconfigure.properties.PropertyMappingContextCustomizer@0, org.springframework.boot.test.autoconfigure.web.servlet.WebDriverContextCustomizerFactory$Customizer@503d687a, org.springframework.boot.test.context.SpringBootTestArgs@1, org.springframework.boot.test.context.SpringBootTestWebEnvironment@1f28c152], contextLoader = 'org.springframework.boot.test.context.SpringBootContextLoader', parent = [null]], attributes = map[[empty]]], class annotated with @DirtiesContext [false] with mode [null].
22:03:38.043 [main] DEBUG org.springframework.test.context.support.DependencyInjectionTestExecutionListener - Performing dependency injection for test context [[DefaultTestContext@6bf08014 testClass = DaaccoR2dbcApplicationTests, testInstance = de.yoktobit.daacco.r2dbc.DaaccoR2dbcApplicationTests@20f5281c, testMethod = [null], testException = [null], mergedContextConfiguration = [MergedContextConfiguration@5e3d57c7 testClass = DaaccoR2dbcApplicationTests, locations = '{}', classes = '{class de.yoktobit.daacco.r2dbc.DaaccoR2dbcApplication}', contextInitializerClasses = '[]', activeProfiles = '{}', propertySourceLocations = '{}', propertySourceProperties = '{org.springframework.boot.test.context.SpringBootTestContextBootstrapper=true}', contextCustomizers = set[org.springframework.boot.test.context.filter.ExcludeFilterContextCustomizer@45ca843, org.springframework.boot.test.json.DuplicateJsonObjectContextCustomizerFactory$DuplicateJsonObjectContextCustomizer@36b4fe2a, org.springframework.boot.test.mock.mockito.MockitoContextCustomizer@0, org.springframework.boot.test.web.client.TestRestTemplateContextCustomizer@4f67eb2a, org.springframework.boot.test.autoconfigure.actuate.metrics.MetricsExportContextCustomizerFactory$DisableMetricExportContextCustomizer@7e9131d5, org.springframework.boot.test.autoconfigure.properties.PropertyMappingContextCustomizer@0, org.springframework.boot.test.autoconfigure.web.servlet.WebDriverContextCustomizerFactory$Customizer@503d687a, org.springframework.boot.test.context.SpringBootTestArgs@1, org.springframework.boot.test.context.SpringBootTestWebEnvironment@1f28c152], contextLoader = 'org.springframework.boot.test.context.SpringBootContextLoader', parent = [null]], attributes = map['org.springframework.test.context.event.ApplicationEventsTestExecutionListener.recordApplicationEvents' -> false]]].
22:03:38.145 [main] DEBUG org.springframework.test.context.support.TestPropertySourceUtils - Adding inlined properties to environment: {spring.jmx.enabled=false, org.springframework.boot.test.context.SpringBootTestContextBootstrapper=true}

  .   ____          _            __ _ _
 /\\ / ___'_ __ _ _(_)_ __  __ _ \ \ \ \
( ( )\___ | '_ | '_| | '_ \/ _` | \ \ \ \
 \\/  ___)| |_)| | | | | || (_| |  ) ) ) )
  '  |____| .__|_| |_|_| |_\__, | / / / /
 =========|_|==============|___/=/_/_/_/
 :: Spring Boot ::       (v2.5.0-SNAPSHOT)

2021-04-06 22:03:38.769  INFO 15720 --- [           main] d.y.d.r2dbc.DaaccoR2dbcApplicationTests  : Starting DaaccoR2dbcApplicationTests using Java 11.0.7 on Surfy with PID 15720 (started by marti in C:\dev\daacco\daacco-r2dbc)
2021-04-06 22:03:38.774  INFO 15720 --- [           main] d.y.d.r2dbc.DaaccoR2dbcApplicationTests  : No active profile set, falling back to default profiles: default
2021-04-06 22:03:41.448  INFO 15720 --- [           main] d.y.d.r2dbc.DaaccoR2dbcApplicationTests  : Started DaaccoR2dbcApplicationTests in 3.292 seconds (JVM running for 5.745)
2021-04-06 22:03:42.097  INFO 15720 --- [           main] d.y.d.r2dbc.DaaccoR2dbcApplicationTests  : R2DBC-Variante Find Foo Dauer: 73
2021-04-06 22:03:49.312  INFO 15720 --- [           main] d.y.d.r2dbc.DaaccoR2dbcApplicationTests  : R2DBC-Variante Find Bar Dauer 7213
[INFO] Tests run: 1, Failures: 0, Errors: 0, Skipped: 0, Time elapsed: 14.859 s - in de.yoktobit.daacco.r2dbc.DaaccoR2dbcApplicationTests
[INFO] 
[INFO] Results:
[INFO] 
[INFO] Tests run: 1, Failures: 0, Errors: 0, Skipped: 0
[INFO] 
[INFO] 
[INFO] -------------------------< de.yoktobit:daacco >-------------------------
[INFO] Building daacco 1.0                                                [5/5]
[INFO] --------------------------------[ pom ]---------------------------------
[INFO] ------------------------------------------------------------------------
[INFO] Reactor Summary:
[INFO] 
[INFO] daacco-jdbc 0.0.1-SNAPSHOT ......................... SUCCESS [ 24.273 s]
[INFO] daacco-jpa 0.0.1-SNAPSHOT .......................... SUCCESS [01:18 min]
[INFO] daacco-quarkus 1.0.0-SNAPSHOT ...................... SUCCESS [ 17.575 s]
[INFO] daacco-r2dbc 0.0.1-SNAPSHOT ........................ SUCCESS [ 17.025 s]
[INFO] daacco 1.0 ......................................... SUCCESS [  0.002 s]
[INFO] ------------------------------------------------------------------------
[INFO] BUILD SUCCESS
[INFO] ------------------------------------------------------------------------
[INFO] Total time:  02:22 min
[INFO] Finished at: 2021-04-06T22:03:52+02:00
[INFO] ------------------------------------------------------------------------
